Download http://localhost:4545/npm/registry/ansi-styles/ansi-styles-4.3.0.tgz
Download http://localhost:4545/npm/registry/chalk/chalk-4.1.2.tgz
Download http://localhost:4545/npm/registry/color-convert/color-convert-2.0.1.tgz
Download http://localhost:4545/npm/registry/color-name/color-name-1.1.4.tgz
Download http://localhost:4545/npm/registry/has-flag/has-flag-4.0.0.tgz
Download http://localhost:4545/npm/registry/supports-color/supports-color-7.2.0.tgz
chalk cjs loads
